Server running on port 5000
[0mGET /api/health [32m200[0m 1.510 ms - 57[0m
[0mPOST /api/auth/login [32m200[0m 242.211 ms - 1019[0m
[0mPOST /api/auth/login [32m200[0m 199.288 ms - 1019[0m
[0mPOST /api/auth/login [32m200[0m 443.497 ms - 1019[0m
[0mGET /api/offers/my [32m200[0m 32.363 ms - 26[0m
[0mGET /api/students/profile [32m200[0m 97.945 ms - 622[0m
[0mGET /api/applications/my [32m200[0m 86.897 ms - 26[0m
[0mGET /api/students/matches [32m200[0m 93.188 ms - 1018[0m
[0mGET /api/students/matches [36m304[0m 84.043 ms - -[0m
[0mGET /api/students/profile [36m304[0m 100.458 ms - -[0m
[0mGET /api/applications/my [36m304[0m 96.048 ms - -[0m
[0mGET /api/offers/my [36m304[0m 93.637 ms - -[0m
[0mGET /api/students/profile [36m304[0m 4.740 ms - -[0m
[0mGET /api/offers/my [36m304[0m 7.579 ms - -[0m
[0mGET /api/applications/my [36m304[0m 8.470 ms - -[0m
[0mGET /api/students/matches [36m304[0m 6.038 ms - -[0m
[0mGET /api/students/profile [36m304[0m 7.618 ms - -[0m
[0mGET /api/applications/my [36m304[0m 24.635 ms - -[0m
[0mGET /api/students/matches [36m304[0m 29.920 ms - -[0m
[0mGET /api/offers/my [36m304[0m 58.184 ms - -[0m
[0mGET /api/students/matches [36m304[0m 5.211 ms - -[0m
[0mGET /api/applications/my [36m304[0m 9.038 ms - -[0m
[0mGET /api/offers/my [36m304[0m 9.814 ms - -[0m
[0mGET /api/students/profile [36m304[0m 12.039 ms - -[0m
[0mGET /api/students/profile [36m304[0m 3.186 ms - -[0m
[0mGET /api/applications/my [36m304[0m 5.229 ms - -[0m
[0mGET /api/offers/my [36m304[0m 5.691 ms - -[0m
[0mGET /api/students/matches [36m304[0m 7.429 ms - -[0m
[0mPOST /api/auth/login [32m200[0m 476.551 ms - 434[0m
[0mGET /api/jobs?mine=true [32m200[0m 7.087 ms - 504[0m
[0mGET /api/interviews [32m200[0m 59.166 ms - 26[0m
[0mGET /api/jobs?mine=true [36m304[0m 2.694 ms - -[0m
[0mGET /api/interviews [36m304[0m 1.959 ms - -[0m
[0mGET /api/jobs?mine=true [36m304[0m 2.750 ms - -[0m
[0mGET /api/interviews [36m304[0m 7.482 ms - -[0m
[0mGET /api/jobs?mine=true [36m304[0m 3.327 ms - -[0m
[0mGET /api/interviews [36m304[0m 38.105 ms - -[0m
[0mPOST /api/auth/login [32m200[0m 428.193 ms - 421[0m
[0mGET /api/approvals/pending [32m200[0m 8.415 ms - 26[0m
[0mGET /api/approvals/pending [36m304[0m 4.066 ms - -[0m
[0mPOST /api/auth/login [32m200[0m 443.176 ms - 416[0m
[0mGET /api/analytics/overview [32m200[0m 13.509 ms - 136[0m
[0mGET /api/users [32m200[0m 58.951 ms - 815[0m
[0mGET /api/jobs [32m200[0m 62.021 ms - 985[0m
[0mGET /api/users [36m304[0m 66.300 ms - -[0m
[0mGET /api/jobs [36m304[0m 69.703 ms - -[0m
[0mGET /api/analytics/overview [36m304[0m 75.051 ms - -[0m
[0mGET /api/users [36m304[0m 1.121 ms - -[0m
[0mGET /api/jobs [36m304[0m 18.048 ms - -[0m
[0mGET /api/analytics/overview [36m304[0m 21.106 ms - -[0m
